// Jest Snapshot v1, https://goo.gl/fbAQLP

exports[`EventForm should render properly 1`] = `
Object {
  "asFragment": [Function],
  "baseElement": <body>
    <textarea
      aria-hidden="true"
      style="letter-spacing:normal;line-height:normal;padding-top:2px;padding-bottom:2px;font-family:-webkit-small-control;font-weight:;font-size:;font-variant:;text-rendering:auto;text-transform:none;width:;text-indent:0;padding-left:2px;padding-right:2px;border-width:1px;box-sizing:;
  min-height:0 !important;
  max-height:none !important;
  height:0 !important;
  visibility:hidden !important;
  overflow:hidden !important;
  position:absolute !important;
  z-index:-1000 !important;
  top:0 !important;
  right:0 !important
"
      tab-index="-1"
    />
    <div>
      <div
        style="display: flex; justify-content: center; flex-direction: column;"
      >
        <h1
          style="margin: 50px auto auto auto; padding-bottom: 3vh;"
        >
          Create a new event
        </h1>
        <form
          class="ant-form ant-form-horizontal"
          style="width: 60vw; height: 50vh;"
        >
          <div
            class="ant-row ant-form-item"
          >
            <div
              class="ant-col ant-col-8 ant-form-item-label"
            >
              <label
                class="ant-form-item-required"
                for="artistName"
                title="Artist's Name"
              >
                Artist's Name
              </label>
            </div>
            <div
              class="ant-col ant-col-14 ant-form-item-control"
            >
              <div
                class="ant-form-item-control-input"
              >
                <div
                  class="ant-form-item-control-input-content"
                >
                  <input
                    class="ant-input"
                    id="artistName"
                    type="text"
                    value=""
                  />
                </div>
              </div>
            </div>
          </div>
          <div
            class="ant-row ant-form-item"
          >
            <div
              class="ant-col ant-col-8 ant-form-item-label"
            >
              <label
                class="ant-form-item-required"
                for="title"
                title="Title"
              >
                Title
              </label>
            </div>
            <div
              class="ant-col ant-col-14 ant-form-item-control"
            >
              <div
                class="ant-form-item-control-input"
              >
                <div
                  class="ant-form-item-control-input-content"
                >
                  <input
                    class="ant-input"
                    id="title"
                    type="text"
                    value=""
                  />
                </div>
              </div>
            </div>
          </div>
          <div
            class="ant-row ant-form-item"
          >
            <div
              class="ant-col ant-col-8 ant-form-item-label"
            >
              <label
                class="ant-form-item-required"
                for="description"
                title="Description"
              >
                Description
              </label>
            </div>
            <div
              class="ant-col ant-col-14 ant-form-item-control"
            >
              <div
                class="ant-form-item-control-input"
              >
                <div
                  class="ant-form-item-control-input-content"
                >
                  <textarea
                    class="ant-input"
                    id="description"
                    style="height: -28px; min-height: -16px; max-height: -28px; overflow-y: hidden; overflow-x: hidden;"
                  />
                </div>
              </div>
            </div>
          </div>
          <div
            class="ant-row ant-form-item"
          >
            <div
              class="ant-col ant-col-8 ant-form-item-label"
            >
              <label
                class="ant-form-item-required"
                for="upload"
                title="Profile picture"
              >
                Profile picture
              </label>
            </div>
            <div
              class="ant-col ant-col-14 ant-form-item-control"
            >
              <div
                class="ant-form-item-control-input"
              >
                <div
                  class="ant-form-item-control-input-content"
                >
                  <span
                    class="avatar-uploader ant-upload-picture-card-wrapper"
                  >
                    <div
                      class="ant-upload ant-upload-select ant-upload-select-picture-card"
                    >
                      <span
                        class="ant-upload"
                        role="button"
                        tabindex="0"
                      >
                        <input
                          accept=".png, .jpg, .jpeg"
                          id="upload"
                          style="display: none;"
                          type="file"
                        />
                        <div>
                          <span
                            aria-label="plus"
                            class="anticon anticon-plus"
                            role="img"
                          >
                            <svg
                              aria-hidden="true"
                              class=""
                              data-icon="plus"
                              fill="currentColor"
                              focusable="false"
                              height="1em"
                              viewBox="64 64 896 896"
                              width="1em"
                            >
                              <defs>
                                <style />
                              </defs>
                              <path
                                d="M482 152h60q8 0 8 8v704q0 8-8 8h-60q-8 0-8-8V160q0-8 8-8z"
                              />
                              <path
                                d="M176 474h672q8 0 8 8v60q0 8-8 8H176q-8 0-8-8v-60q0-8 8-8z"
                              />
                            </svg>
                          </span>
                          <div
                            class="ant-upload-text"
                          >
                            Upload
                          </div>
                        </div>
                      </span>
                    </div>
                  </span>
                </div>
              </div>
            </div>
          </div>
          <div
            class="ant-row ant-form-item"
          >
            <div
              class="ant-col ant-col-8 ant-form-item-label"
            >
              <label
                class="ant-form-item-required"
                for="streamUrl"
                title="Stream URL"
              >
                Stream URL
              </label>
            </div>
            <div
              class="ant-col ant-col-14 ant-form-item-control"
            >
              <div
                class="ant-form-item-control-input"
              >
                <div
                  class="ant-form-item-control-input-content"
                >
                  <input
                    class="ant-input"
                    id="streamUrl"
                    type="text"
                    value=""
                  />
                </div>
              </div>
            </div>
          </div>
          <div
            class="ant-row ant-form-item"
          >
            <div
              class="ant-col ant-col-8 ant-form-item-label"
            >
              <label
                class="ant-form-item-required"
                for="patreonUrl"
                title="Patreon URL"
              >
                Patreon URL
              </label>
            </div>
            <div
              class="ant-col ant-col-14 ant-form-item-control"
            >
              <div
                class="ant-form-item-control-input"
              >
                <div
                  class="ant-form-item-control-input-content"
                >
                  <input
                    class="ant-input"
                    id="patreonUrl"
                    type="text"
                    value=""
                  />
                </div>
              </div>
            </div>
          </div>
          <div
            class="ant-row ant-form-item"
          >
            <div
              class="ant-col ant-col-8 ant-form-item-label"
            >
              <label
                class="ant-form-item-required"
                for="eventDate"
                title="Date"
              >
                Date
              </label>
            </div>
            <div
              class="ant-col ant-col-14 ant-form-item-control"
            >
              <div
                class="ant-form-item-control-input"
              >
                <div
                  class="ant-form-item-control-input-content"
                >
                  <div
                    class="ant-picker"
                  >
                    <div
                      class="ant-picker-input"
                    >
                      <input
                        placeholder="Select date"
                        readonly=""
                        size="12"
                        title=""
                        value=""
                      />
                      <span
                        class="ant-picker-suffix"
                      >
                        <span
                          aria-label="calendar"
                          class="anticon anticon-calendar"
                          role="img"
                        >
                          <svg
                            aria-hidden="true"
                            class=""
                            data-icon="calendar"
                            fill="currentColor"
                            focusable="false"
                            height="1em"
                            viewBox="64 64 896 896"
                            width="1em"
                          >
                            <path
                              d="M880 184H712v-64c0-4.4-3.6-8-8-8h-56c-4.4 0-8 3.6-8 8v64H384v-64c0-4.4-3.6-8-8-8h-56c-4.4 0-8 3.6-8 8v64H144c-17.7 0-32 14.3-32 32v664c0 17.7 14.3 32 32 32h736c17.7 0 32-14.3 32-32V216c0-17.7-14.3-32-32-32zm-40 656H184V460h656v380zM184 392V256h128v48c0 4.4 3.6 8 8 8h56c4.4 0 8-3.6 8-8v-48h256v48c0 4.4 3.6 8 8 8h56c4.4 0 8-3.6 8-8v-48h128v136H184z"
                            />
                          </svg>
                        </span>
                      </span>
                    </div>
                  </div>
                </div>
              </div>
            </div>
          </div>
          <div
            class="ant-row ant-form-item"
          >
            <div
              class="ant-col ant-col-8 ant-form-item-label"
            >
              <label
                class="ant-form-item-required"
                for="eventTime"
                title="Time"
              >
                Time
              </label>
            </div>
            <div
              class="ant-col ant-col-14 ant-form-item-control"
            >
              <div
                class="ant-form-item-control-input"
              >
                <div
                  class="ant-form-item-control-input-content"
                >
                  <div
                    class="ant-picker ant-picker-range"
                  >
                    <div
                      class="ant-picker-input ant-picker-input-active"
                    >
                      <input
                        placeholder="Start time"
                        readonly=""
                        size="10"
                        value=""
                      />
                    </div>
                    <div
                      class="ant-picker-range-separator"
                    >
                      <span
                        aria-label="to"
                        class="ant-picker-separator"
                      >
                        <span
                          aria-label="swap-right"
                          class="anticon anticon-swap-right"
                          role="img"
                        >
                          <svg
                            aria-hidden="true"
                            class=""
                            data-icon="swap-right"
                            fill="currentColor"
                            focusable="false"
                            height="1em"
                            viewBox="0 0 1024 1024"
                            width="1em"
                          >
                            <path
                              d="M873.1 596.2l-164-208A32 32 0 00684 376h-64.8c-6.7 0-10.4 7.7-6.3 13l144.3 183H152c-4.4 0-8 3.6-8 8v60c0 4.4 3.6 8 8 8h695.9c26.8 0 41.7-30.8 25.2-51.8z"
                            />
                          </svg>
                        </span>
                      </span>
                    </div>
                    <div
                      class="ant-picker-input"
                    >
                      <input
                        placeholder="End time"
                        readonly=""
                        size="10"
                        value=""
                      />
                    </div>
                    <div
                      class="ant-picker-active-bar"
                      style="left: 0px; width: 0px; position: absolute;"
                    />
                    <span
                      class="ant-picker-suffix"
                    >
                      <span
                        aria-label="clock-circle"
                        class="anticon anticon-clock-circle"
                        role="img"
                      >
                        <svg
                          aria-hidden="true"
                          class=""
                          data-icon="clock-circle"
                          fill="currentColor"
                          focusable="false"
                          height="1em"
                          viewBox="64 64 896 896"
                          width="1em"
                        >
                          <path
                            d="M512 64C264.6 64 64 264.6 64 512s200.6 448 448 448 448-200.6 448-448S759.4 64 512 64zm0 820c-205.4 0-372-166.6-372-372s166.6-372 372-372 372 166.6 372 372-166.6 372-372 372z"
                          />
                          <path
                            d="M686.7 638.6L544.1 535.5V288c0-4.4-3.6-8-8-8H488c-4.4 0-8 3.6-8 8v275.4c0 2.6 1.2 5 3.3 6.5l165.4 120.6c3.6 2.6 8.6 1.8 11.2-1.7l28.6-39c2.6-3.7 1.8-8.7-1.8-11.2z"
                          />
                        </svg>
                      </span>
                    </span>
                  </div>
                </div>
              </div>
            </div>
          </div>
          <div
            class="ant-row ant-form-item"
          >
            <div
              class="ant-col ant-col-14 ant-col-offset-8 ant-form-item-control"
            >
              <div
                class="ant-form-item-control-input"
              >
                <div
                  class="ant-form-item-control-input-content"
                >
                  <button
                    class="ant-btn ant-btn-primary"
                    type="submit"
                  >
                    <span>
                      Submit
                    </span>
                  </button>
                </div>
              </div>
            </div>
          </div>
        </form>
      </div>
    </div>
  </body>,
  "container": <div>
    <div
      style="display: flex; justify-content: center; flex-direction: column;"
    >
      <h1
        style="margin: 50px auto auto auto; padding-bottom: 3vh;"
      >
        Create a new event
      </h1>
      <form
        class="ant-form ant-form-horizontal"
        style="width: 60vw; height: 50vh;"
      >
        <div
          class="ant-row ant-form-item"
        >
          <div
            class="ant-col ant-col-8 ant-form-item-label"
          >
            <label
              class="ant-form-item-required"
              for="artistName"
              title="Artist's Name"
            >
              Artist's Name
            </label>
          </div>
          <div
            class="ant-col ant-col-14 ant-form-item-control"
          >
            <div
              class="ant-form-item-control-input"
            >
              <div
                class="ant-form-item-control-input-content"
              >
                <input
                  class="ant-input"
                  id="artistName"
                  type="text"
                  value=""
                />
              </div>
            </div>
          </div>
        </div>
        <div
          class="ant-row ant-form-item"
        >
          <div
            class="ant-col ant-col-8 ant-form-item-label"
          >
            <label
              class="ant-form-item-required"
              for="title"
              title="Title"
            >
              Title
            </label>
          </div>
          <div
            class="ant-col ant-col-14 ant-form-item-control"
          >
            <div
              class="ant-form-item-control-input"
            >
              <div
                class="ant-form-item-control-input-content"
              >
                <input
                  class="ant-input"
                  id="title"
                  type="text"
                  value=""
                />
              </div>
            </div>
          </div>
        </div>
        <div
          class="ant-row ant-form-item"
        >
          <div
            class="ant-col ant-col-8 ant-form-item-label"
          >
            <label
              class="ant-form-item-required"
              for="description"
              title="Description"
            >
              Description
            </label>
          </div>
          <div
            class="ant-col ant-col-14 ant-form-item-control"
          >
            <div
              class="ant-form-item-control-input"
            >
              <div
                class="ant-form-item-control-input-content"
              >
                <textarea
                  class="ant-input"
                  id="description"
                  style="height: -28px; min-height: -16px; max-height: -28px; overflow-y: hidden; overflow-x: hidden;"
                />
              </div>
            </div>
          </div>
        </div>
        <div
          class="ant-row ant-form-item"
        >
          <div
            class="ant-col ant-col-8 ant-form-item-label"
          >
            <label
              class="ant-form-item-required"
              for="upload"
              title="Profile picture"
            >
              Profile picture
            </label>
          </div>
          <div
            class="ant-col ant-col-14 ant-form-item-control"
          >
            <div
              class="ant-form-item-control-input"
            >
              <div
                class="ant-form-item-control-input-content"
              >
                <span
                  class="avatar-uploader ant-upload-picture-card-wrapper"
                >
                  <div
                    class="ant-upload ant-upload-select ant-upload-select-picture-card"
                  >
                    <span
                      class="ant-upload"
                      role="button"
                      tabindex="0"
                    >
                      <input
                        accept=".png, .jpg, .jpeg"
                        id="upload"
                        style="display: none;"
                        type="file"
                      />
                      <div>
                        <span
                          aria-label="plus"
                          class="anticon anticon-plus"
                          role="img"
                        >
                          <svg
                            aria-hidden="true"
                            class=""
                            data-icon="plus"
                            fill="currentColor"
                            focusable="false"
                            height="1em"
                            viewBox="64 64 896 896"
                            width="1em"
                          >
                            <defs>
                              <style />
                            </defs>
                            <path
                              d="M482 152h60q8 0 8 8v704q0 8-8 8h-60q-8 0-8-8V160q0-8 8-8z"
                            />
                            <path
                              d="M176 474h672q8 0 8 8v60q0 8-8 8H176q-8 0-8-8v-60q0-8 8-8z"
                            />
                          </svg>
                        </span>
                        <div
                          class="ant-upload-text"
                        >
                          Upload
                        </div>
                      </div>
                    </span>
                  </div>
                </span>
              </div>
            </div>
          </div>
        </div>
        <div
          class="ant-row ant-form-item"
        >
          <div
            class="ant-col ant-col-8 ant-form-item-label"
          >
            <label
              class="ant-form-item-required"
              for="streamUrl"
              title="Stream URL"
            >
              Stream URL
            </label>
          </div>
          <div
            class="ant-col ant-col-14 ant-form-item-control"
          >
            <div
              class="ant-form-item-control-input"
            >
              <div
                class="ant-form-item-control-input-content"
              >
                <input
                  class="ant-input"
                  id="streamUrl"
                  type="text"
                  value=""
                />
              </div>
            </div>
          </div>
        </div>
        <div
          class="ant-row ant-form-item"
        >
          <div
            class="ant-col ant-col-8 ant-form-item-label"
          >
            <label
              class="ant-form-item-required"
              for="patreonUrl"
              title="Patreon URL"
            >
              Patreon URL
            </label>
          </div>
          <div
            class="ant-col ant-col-14 ant-form-item-control"
          >
            <div
              class="ant-form-item-control-input"
            >
              <div
                class="ant-form-item-control-input-content"
              >
                <input
                  class="ant-input"
                  id="patreonUrl"
                  type="text"
                  value=""
                />
              </div>
            </div>
          </div>
        </div>
        <div
          class="ant-row ant-form-item"
        >
          <div
            class="ant-col ant-col-8 ant-form-item-label"
          >
            <label
              class="ant-form-item-required"
              for="eventDate"
              title="Date"
            >
              Date
            </label>
          </div>
          <div
            class="ant-col ant-col-14 ant-form-item-control"
          >
            <div
              class="ant-form-item-control-input"
            >
              <div
                class="ant-form-item-control-input-content"
              >
                <div
                  class="ant-picker"
                >
                  <div
                    class="ant-picker-input"
                  >
                    <input
                      placeholder="Select date"
                      readonly=""
                      size="12"
                      title=""
                      value=""
                    />
                    <span
                      class="ant-picker-suffix"
                    >
                      <span
                        aria-label="calendar"
                        class="anticon anticon-calendar"
                        role="img"
                      >
                        <svg
                          aria-hidden="true"
                          class=""
                          data-icon="calendar"
                          fill="currentColor"
                          focusable="false"
                          height="1em"
                          viewBox="64 64 896 896"
                          width="1em"
                        >
                          <path
                            d="M880 184H712v-64c0-4.4-3.6-8-8-8h-56c-4.4 0-8 3.6-8 8v64H384v-64c0-4.4-3.6-8-8-8h-56c-4.4 0-8 3.6-8 8v64H144c-17.7 0-32 14.3-32 32v664c0 17.7 14.3 32 32 32h736c17.7 0 32-14.3 32-32V216c0-17.7-14.3-32-32-32zm-40 656H184V460h656v380zM184 392V256h128v48c0 4.4 3.6 8 8 8h56c4.4 0 8-3.6 8-8v-48h256v48c0 4.4 3.6 8 8 8h56c4.4 0 8-3.6 8-8v-48h128v136H184z"
                          />
                        </svg>
                      </span>
                    </span>
                  </div>
                </div>
              </div>
            </div>
          </div>
        </div>
        <div
          class="ant-row ant-form-item"
        >
          <div
            class="ant-col ant-col-8 ant-form-item-label"
          >
            <label
              class="ant-form-item-required"
              for="eventTime"
              title="Time"
            >
              Time
            </label>
          </div>
          <div
            class="ant-col ant-col-14 ant-form-item-control"
          >
            <div
              class="ant-form-item-control-input"
            >
              <div
                class="ant-form-item-control-input-content"
              >
                <div
                  class="ant-picker ant-picker-range"
                >
                  <div
                    class="ant-picker-input ant-picker-input-active"
                  >
                    <input
                      placeholder="Start time"
                      readonly=""
                      size="10"
                      value=""
                    />
                  </div>
                  <div
                    class="ant-picker-range-separator"
                  >
                    <span
                      aria-label="to"
                      class="ant-picker-separator"
                    >
                      <span
                        aria-label="swap-right"
                        class="anticon anticon-swap-right"
                        role="img"
                      >
                        <svg
                          aria-hidden="true"
                          class=""
                          data-icon="swap-right"
                          fill="currentColor"
                          focusable="false"
                          height="1em"
                          viewBox="0 0 1024 1024"
                          width="1em"
                        >
                          <path
                            d="M873.1 596.2l-164-208A32 32 0 00684 376h-64.8c-6.7 0-10.4 7.7-6.3 13l144.3 183H152c-4.4 0-8 3.6-8 8v60c0 4.4 3.6 8 8 8h695.9c26.8 0 41.7-30.8 25.2-51.8z"
                          />
                        </svg>
                      </span>
                    </span>
                  </div>
                  <div
                    class="ant-picker-input"
                  >
                    <input
                      placeholder="End time"
                      readonly=""
                      size="10"
                      value=""
                    />
                  </div>
                  <div
                    class="ant-picker-active-bar"
                    style="left: 0px; width: 0px; position: absolute;"
                  />
                  <span
                    class="ant-picker-suffix"
                  >
                    <span
                      aria-label="clock-circle"
                      class="anticon anticon-clock-circle"
                      role="img"
                    >
                      <svg
                        aria-hidden="true"
                        class=""
                        data-icon="clock-circle"
                        fill="currentColor"
                        focusable="false"
                        height="1em"
                        viewBox="64 64 896 896"
                        width="1em"
                      >
                        <path
                          d="M512 64C264.6 64 64 264.6 64 512s200.6 448 448 448 448-200.6 448-448S759.4 64 512 64zm0 820c-205.4 0-372-166.6-372-372s166.6-372 372-372 372 166.6 372 372-166.6 372-372 372z"
                        />
                        <path
                          d="M686.7 638.6L544.1 535.5V288c0-4.4-3.6-8-8-8H488c-4.4 0-8 3.6-8 8v275.4c0 2.6 1.2 5 3.3 6.5l165.4 120.6c3.6 2.6 8.6 1.8 11.2-1.7l28.6-39c2.6-3.7 1.8-8.7-1.8-11.2z"
                        />
                      </svg>
                    </span>
                  </span>
                </div>
              </div>
            </div>
          </div>
        </div>
        <div
          class="ant-row ant-form-item"
        >
          <div
            class="ant-col ant-col-14 ant-col-offset-8 ant-form-item-control"
          >
            <div
              class="ant-form-item-control-input"
            >
              <div
                class="ant-form-item-control-input-content"
              >
                <button
                  class="ant-btn ant-btn-primary"
                  type="submit"
                >
                  <span>
                    Submit
                  </span>
                </button>
              </div>
            </div>
          </div>
        </div>
      </form>
    </div>
  </div>,
  "debug": [Function],
  "findAllByAltText": [Function],
  "findAllByDisplayValue": [Function],
  "findAllByLabelText": [Function],
  "findAllByPlaceholderText": [Function],
  "findAllByRole": [Function],
  "findAllByTestId": [Function],
  "findAllByText": [Function],
  "findAllByTitle": [Function],
  "findByAltText": [Function],
  "findByDisplayValue": [Function],
  "findByLabelText": [Function],
  "findByPlaceholderText": [Function],
  "findByRole": [Function],
  "findByTestId": [Function],
  "findByText": [Function],
  "findByTitle": [Function],
  "getAllByAltText": [Function],
  "getAllByDisplayValue": [Function],
  "getAllByLabelText": [Function],
  "getAllByPlaceholderText": [Function],
  "getAllByRole": [Function],
  "getAllByTestId": [Function],
  "getAllByText": [Function],
  "getAllByTitle": [Function],
  "getByAltText": [Function],
  "getByDisplayValue": [Function],
  "getByLabelText": [Function],
  "getByPlaceholderText": [Function],
  "getByRole": [Function],
  "getByTestId": [Function],
  "getByText": [Function],
  "getByTitle": [Function],
  "queryAllByAltText": [Function],
  "queryAllByDisplayValue": [Function],
  "queryAllByLabelText": [Function],
  "queryAllByPlaceholderText": [Function],
  "queryAllByRole": [Function],
  "queryAllByTestId": [Function],
  "queryAllByText": [Function],
  "queryAllByTitle": [Function],
  "queryByAltText": [Function],
  "queryByDisplayValue": [Function],
  "queryByLabelText": [Function],
  "queryByPlaceholderText": [Function],
  "queryByRole": [Function],
  "queryByTestId": [Function],
  "queryByText": [Function],
  "queryByTitle": [Function],
  "rerender": [Function],
  "unmount": [Function],
}
`;
