// Jest Snapshot v1, https://goo.gl/fbAQLP

exports[`App should render properly 1`] = `
Object {
  "asFragment": [Function],
  "baseElement": <body>
    <div>
      <div
        class="navigation-container"
        id="myTopnav"
      >
        <a
          class="button"
          href="/"
          id="logo"
        >
          <div
            class="navigation-name"
          >
            Logo
          </div>
        </a>
        <div
          class="navigation-links-container"
        >
          <a
            class="button menu"
            href="/"
          >
            <div>
              Home
            </div>
          </a>
          <a
            class="button menu"
            href="/about"
          >
            <div>
              About
            </div>
          </a>
          <a
            class="button menu"
            href="/login"
          >
            <div>
              Login
            </div>
          </a>
          <a
            class="icon"
          >
            ☰
          </a>
        </div>
      </div>
      <div
        class="switch-wrapper"
      >
        <div
          style="opacity: 1;"
        >
          <div
            class="landing-outer-container"
          >
            <div
              class="landing-container"
            >
              <div
                class="header-container"
              >
                <div
                  class="header-text"
                >
                  <div
                    class="title-container"
                  >
                    <h2>
                      Performing From Home
                    </h2>
                    <h3
                      class="title-sub"
                    >
                      is here to help artists who have been affected by the Coronavirus
                    </h3>
                  </div>
                  <div
                    class="support"
                  >
                    Show your support by signing up to your favorite performers' Patreon
                     
                  </div>
                  <div
                    class="link-container"
                  >
                    <a
                      class="title-sub schedule-link main-button"
                      href="/login"
                      to="/login"
                    >
                      Explore Now!
                    </a>
                  </div>
                </div>
                <img
                  class="main-image"
                  src="main.jpg"
                />
              </div>
            </div>
          </div>
        </div>
      </div>
    </div>
  </body>,
  "container": <div>
    <div
      class="navigation-container"
      id="myTopnav"
    >
      <a
        class="button"
        href="/"
        id="logo"
      >
        <div
          class="navigation-name"
        >
          Logo
        </div>
      </a>
      <div
        class="navigation-links-container"
      >
        <a
          class="button menu"
          href="/"
        >
          <div>
            Home
          </div>
        </a>
        <a
          class="button menu"
          href="/about"
        >
          <div>
            About
          </div>
        </a>
        <a
          class="button menu"
          href="/login"
        >
          <div>
            Login
          </div>
        </a>
        <a
          class="icon"
        >
          ☰
        </a>
      </div>
    </div>
    <div
      class="switch-wrapper"
    >
      <div
        style="opacity: 1;"
      >
        <div
          class="landing-outer-container"
        >
          <div
            class="landing-container"
          >
            <div
              class="header-container"
            >
              <div
                class="header-text"
              >
                <div
                  class="title-container"
                >
                  <h2>
                    Performing From Home
                  </h2>
                  <h3
                    class="title-sub"
                  >
                    is here to help artists who have been affected by the Coronavirus
                  </h3>
                </div>
                <div
                  class="support"
                >
                  Show your support by signing up to your favorite performers' Patreon
                   
                </div>
                <div
                  class="link-container"
                >
                  <a
                    class="title-sub schedule-link main-button"
                    href="/login"
                    to="/login"
                  >
                    Explore Now!
                  </a>
                </div>
              </div>
              <img
                class="main-image"
                src="main.jpg"
              />
            </div>
          </div>
        </div>
      </div>
    </div>
  </div>,
  "debug": [Function],
  "findAllByAltText": [Function],
  "findAllByDisplayValue": [Function],
  "findAllByLabelText": [Function],
  "findAllByPlaceholderText": [Function],
  "findAllByRole": [Function],
  "findAllByTestId": [Function],
  "findAllByText": [Function],
  "findAllByTitle": [Function],
  "findByAltText": [Function],
  "findByDisplayValue": [Function],
  "findByLabelText": [Function],
  "findByPlaceholderText": [Function],
  "findByRole": [Function],
  "findByTestId": [Function],
  "findByText": [Function],
  "findByTitle": [Function],
  "getAllByAltText": [Function],
  "getAllByDisplayValue": [Function],
  "getAllByLabelText": [Function],
  "getAllByPlaceholderText": [Function],
  "getAllByRole": [Function],
  "getAllByTestId": [Function],
  "getAllByText": [Function],
  "getAllByTitle": [Function],
  "getByAltText": [Function],
  "getByDisplayValue": [Function],
  "getByLabelText": [Function],
  "getByPlaceholderText": [Function],
  "getByRole": [Function],
  "getByTestId": [Function],
  "getByText": [Function],
  "getByTitle": [Function],
  "queryAllByAltText": [Function],
  "queryAllByDisplayValue": [Function],
  "queryAllByLabelText": [Function],
  "queryAllByPlaceholderText": [Function],
  "queryAllByRole": [Function],
  "queryAllByTestId": [Function],
  "queryAllByText": [Function],
  "queryAllByTitle": [Function],
  "queryByAltText": [Function],
  "queryByDisplayValue": [Function],
  "queryByLabelText": [Function],
  "queryByPlaceholderText": [Function],
  "queryByRole": [Function],
  "queryByTestId": [Function],
  "queryByText": [Function],
  "queryByTitle": [Function],
  "rerender": [Function],
  "unmount": [Function],
}
`;
